{
   "Customized_Namespace": "default",
   "Develop": false,
   "Transwarp_Install_ID": "",
   "instance_list": [
      {
         "annotations": {
            "application_name": "qa-jenkins1",
            "application_type": "QAJENKINS"
         },
         "configs": {
            "jenkins_cpu_limit": 2,
            "jenkins_cpu_request": 0.10000000000000001,
            "jenkins_memory_limit": 4,
            "jenkins_memory_request": 1
         },
         "instance_settings": { },
         "moduleName": "qa-jenkins",
         "name": "qa-jenkins1-qa-jenkins",
         "version": "1.0"
      }
   ],
   "instance_settings": { },
   "version": ""
}
