{
   "Customized_Namespace": "default",
   "Develop": false,
   "Transwarp_Install_ID": "",
   "instance_list": [
      {
         "annotations": {
            "application_name": "governorproxy1",
            "application_type": "GOVERNORPROXY"
         },
         "configs": { },
         "instance_settings": { },
         "moduleName": "governor-proxy",
         "name": "governorproxy1-governor-proxy",
         "version": "1.0"
      }
   ],
   "instance_settings": { },
   "version": ""
}
