{
   "Customized_Namespace": "default",
   "Develop": false,
   "Transwarp_Install_ID": "",
   "instance_list": [
      {
         "annotations": {
            "application_name": "gitlab1",
            "application_type": "GITLAB"
         },
         "configs": {
            "gitlab_cpu_limit": 1,
            "gitlab_cpu_request": 1,
            "gitlab_memory_limit": 1,
            "gitlab_memory_request": 1,
            "postgresql_cpu_limit": 1,
            "postgresql_cpu_request": 1,
            "postgresql_memory_limit": 1,
            "postgresql_memory_request": 1,
            "redis_cpu_limit": 1,
            "redis_cpu_request": 1,
            "redis_memory_limit": 1,
            "redis_memory_request": 1
         },
         "instance_settings": { },
         "moduleName": "gitlab",
         "name": "gitlab1-gitlab",
         "version": "11.0"
      }
   ],
   "instance_settings": { },
   "version": ""
}
