{
   "Customized_Namespace": "default",
   "Develop": false,
   "Transwarp_Install_ID": "",
   "instance_list": [
      {
         "annotations": {
            "application_name": "tcc-eco1",
            "application_type": "TCC-ECO",
            "use_gntenant": "true"
         },
         "configs": { },
         "dependencies": [
            {
               "moduleName": "txsql",
               "name": "txsql"
            },
            {
               "moduleName": "guardian-cas",
               "name": "guardian-cas"
            },
            {
               "moduleName": "ockle",
               "name": "ockle"
            },
            {
               "moduleName": "ignitor",
               "name": "ignitor"
            },
            {
               "moduleName": "ticket",
               "name": "ticket"
            },
            {
               "moduleName": "elasticsearch",
               "name": "elasticsearch"
            },
            {
               "moduleName": "diocles",
               "name": "diocles"
            }
         ],
         "instance_settings": { },
         "moduleName": "tdc-eco",
         "name": "tcc-eco1-tdc-eco",
         "version": "1.0"
      }
   ],
   "instance_settings": { },
   "version": ""
}
