{
   "Customized_Namespace": "default",
   "Develop": false,
   "Transwarp_Install_ID": "",
   "instance_list": [
      {
         "annotations": {
            "application_name": "tenon1",
            "application_type": "TENON"
         },
         "configs": {
            "gondar_billing_cpu_limit": 1,
            "gondar_billing_cpu_request": 0.10000000000000001,
            "gondar_billing_memory_limit": 2,
            "gondar_billing_memory_request": 1,
            "gondar_cdr_cpu_limit": 1,
            "gondar_cdr_cpu_request": 0.10000000000000001,
            "gondar_cdr_memory_limit": 2,
            "gondar_cdr_memory_request": 1,
            "gondar_udr_cpu_limit": 1,
            "gondar_udr_cpu_request": 0.10000000000000001,
            "gondar_udr_memory_limit": 2,
            "gondar_udr_memory_request": 1
         },
         "dependencies": [
            {
               "moduleName": "txsql",
               "name": "txsql"
            },
            {
               "moduleName": "kafka",
               "name": "kafka"
            }
         ],
         "instance_settings": { },
         "moduleName": "gondar",
         "name": "tenon1-gondar",
         "version": "1.0"
      },
      {
         "annotations": {
            "application_name": "tenon1",
            "application_type": "TENON"
         },
         "configs": {
            "abacus_cpu_limit": 1,
            "abacus_cpu_request": 0.10000000000000001,
            "abacus_memory_limit": 4,
            "abacus_memory_request": 1,
            "scanner_cpu_limit": 1,
            "scanner_cpu_request": 0.10000000000000001,
            "scanner_memory_limit": 4,
            "scanner_memory_request": 1
         },
         "dependencies": [
            {
               "moduleName": "kafka",
               "name": "kafka"
            },
            {
               "moduleName": "gondar",
               "name": "tenon1-gondar"
            },
            {
               "moduleName": "txsql",
               "name": "txsql"
            }
         ],
         "instance_settings": { },
         "moduleName": "tenon",
         "name": "tenon1-tenon",
         "version": "1.0"
      }
   ],
   "instance_settings": { },
   "version": ""
}
