{
   "Customized_Namespace": "default",
   "Develop": false,
   "TCU": {
      "workflow": {
         "c": 0.5,
         "m": 1,
         "s": 1
      }
   },
   "Transwarp_Install_ID": "",
   "instance_list": [
      {
         "annotations": {
            "application_name": "workflow1",
            "application_type": "WORKFLOW"
         },
         "configs": {
            "workflow_cpu_limit": 2,
            "workflow_cpu_request": 2,
            "workflow_memory_limit": 4,
            "workflow_memory_request": 4
         },
         "dependencies": [
            {
               "moduleName": "zookeeper",
               "name": "zookeeper"
            },
            {
               "moduleName": "txsql",
               "name": "txsql"
            }
         ],
         "instance_settings": { },
         "moduleName": "workflow",
         "name": "workflow1-workflow",
         "version": "1.0"
      }
   ],
   "instance_settings": { },
   "version": ""
}
