{
   "Customized_Namespace": "default",
   "Develop": false,
   "Transwarp_Install_ID": "",
   "instance_list": [
      {
         "annotations": {
            "application_name": "guardian1",
            "application_type": "GUARDIAN"
         },
         "configs": {
            "apacheds_cpu_limit": 1,
            "apacheds_cpu_request": 0.10000000000000001,
            "apacheds_memory_limit": 4,
            "apacheds_memory_request": 2,
            "cas_config_server_cpu_limit": 2,
            "cas_config_server_cpu_request": 0.10000000000000001,
            "cas_config_server_memory_limit": 4,
            "cas_config_server_memory_request": 1,
            "cas_mgnt_server_cpu_limit": 2,
            "cas_mgnt_server_cpu_request": 0.10000000000000001,
            "cas_mgnt_server_memory_limit": 4,
            "cas_mgnt_server_memory_request": 1,
            "cas_server_cpu_limit": 2,
            "cas_server_cpu_request": 0.10000000000000001,
            "cas_server_memory_limit": 4,
            "cas_server_memory_request": 1,
            "guardian_server_cpu_limit": 4,
            "guardian_server_cpu_request": 0.10000000000000001,
            "guardian_server_memory_limit": 8,
            "guardian_server_memory_request": 2,
            "guardian_server_volume_storage": {
               "accessMode": "ReadWriteOnce",
               "limits": {
                  "blkio.throttle.read_iops_device": 0,
                  "blkio.throttle.write_iops_device": 0
               },
               "size": "512Gi",
               "storageClass": "silver"
            }
         },
         "dependencies": [
            {
               "moduleName": "txsql",
               "name": "txsql"
            }
         ],
         "instance_settings": { },
         "moduleName": "guardian-cas",
         "name": "guardian1-guardian-cas",
         "version": "6.0"
      }
   ],
   "instance_settings": { },
   "version": ""
}
