{
   "Customized_Namespace": "default",
   "Develop": false,
   "TCU": {
      "filebeat": {
         "c": 0.25,
         "m": 0.5,
         "s": 0.5
      }
   },
   "Transwarp_Install_ID": "",
   "instance_list": [
      {
         "annotations": {
            "application_name": "filebeat1",
            "application_type": "FILEBEAT"
         },
         "configs": {
            "filebeat_cpu_limit": 1,
            "filebeat_cpu_request": 0.10000000000000001,
            "filebeat_memory_limit": 2,
            "filebeat_memory_request": 1
         },
         "dependencies": [
            {
               "moduleName": "kafka",
               "name": "kafka"
            }
         ],
         "instance_settings": { },
         "moduleName": "filebeat",
         "name": "filebeat1-filebeat",
         "version": "1.0"
      }
   ],
   "instance_settings": { },
   "version": ""
}
