{
   "Customized_Namespace": "default",
   "Develop": false,
   "Transwarp_Install_ID": "",
   "instance_list": [
      {
         "annotations": {
            "application_name": "propeller",
            "application_type": "PROPELLER"
         },
         "configs": {
            "propeller_cpu_limit": 2,
            "propeller_cpu_request": 0.10000000000000001,
            "propeller_memory_limit": 4,
            "propeller_memory_request": 1
         },
         "dependencies": [
            {
               "moduleName": "txsql",
               "name": "txsql"
            }
         ],
         "instance_settings": { },
         "moduleName": "propeller",
         "name": "propeller-propeller",
         "version": "1.2"
      }
   ],
   "instance_settings": { },
   "version": ""
}
