{
   "Customized_Namespace": "default",
   "Develop": false,
   "Transwarp_Install_ID": "",
   "instance_list": [
      {
         "annotations": {
            "application_name": "catalog",
            "application_type": "CATALOG"
         },
         "configs": {
            "catalog_platform_cpu_limit": 1,
            "catalog_platform_cpu_request": 1,
            "catalog_platform_memory_limit": 4,
            "catalog_platform_memory_request": 0.10000000000000001,
            "catalog_web_cpu_limit": 1,
            "catalog_web_cpu_request": 1,
            "catalog_web_memory_limit": 4,
            "catalog_web_memory_request": 0.10000000000000001
         },
         "dependencies": [
            {
               "moduleName": "txsql",
               "name": "txsql"
            },
            {
               "moduleName": "hyperbase",
               "name": "hyperbase"
            },
            {
               "moduleName": "kafka",
               "name": "kafka"
            },
            {
               "moduleName": "elasticsearch",
               "name": "elasticsearch"
            }
         ],
         "instance_settings": { },
         "moduleName": "catalog",
         "name": "catalog-catalog",
         "version": "1.0"
      }
   ],
   "instance_settings": { },
   "version": ""
}
