{
   "Customized_Namespace": "default",
   "Develop": false,
   "TCU": {
      "hyperbase": {
         "c": 2,
         "m": 4,
         "s": 4
      }
   },
   "Transwarp_Install_ID": "",
   "instance_list": [
      {
         "annotations": {
            "application_name": "hyperbase1",
            "application_type": "HYPERBASE"
         },
         "configs": {
            "hbase_master_cpu_limit": 4,
            "hbase_master_cpu_request": 0.10000000000000001,
            "hbase_master_memory_limit": 4,
            "hbase_master_memory_request": 2,
            "hbase_rest_cpu_limit": 1,
            "hbase_rest_cpu_request": 0.10000000000000001,
            "hbase_rest_memory_limit": 1,
            "hbase_rest_memory_request": 1,
            "hbase_rs_cpu_limit": 2,
            "hbase_rs_cpu_request": 0.10000000000000001,
            "hbase_rs_memory_limit": 1,
            "hbase_rs_memory_request": 1,
            "hbase_thrift_cpu_limit": 1,
            "hbase_thrift_cpu_request": 0.10000000000000001,
            "hbase_thrift_memory_limit": 1,
            "hbase_thrift_memory_request": 1
         },
         "dependencies": [
            {
               "moduleName": "hdfs",
               "name": "hdfs"
            },
            {
               "moduleName": "yarn",
               "name": "hyperbase1-yarn"
            },
            {
               "moduleName": "zookeeper",
               "name": "hdfs-zookeeper"
            }
         ],
         "instance_settings": { },
         "moduleName": "hyperbase",
         "name": "hyperbase1-hyperbase",
         "version": "5.1"
      }
   ],
   "instance_settings": { },
   "version": ""
}
