{
   "Customized_Namespace": "default",
   "Develop": false,
   "Transwarp_Install_ID": "",
   "instance_list": [
      {
         "annotations": {
            "application_name": "ogg-for-big-data",
            "application_type": "OGG-FOR-BIG-DATA"
         },
         "configs": { },
         "instance_settings": { },
         "moduleName": "ogg-for-big-data",
         "name": "ogg-for-big-data-ogg-for-big-data",
         "version": "12.3"
      }
   ],
   "instance_settings": { },
   "version": ""
}
