{
   "Customized_Namespace": "default",
   "Develop": false,
   "TCU": {
      "yarn": {
         "c": 0.5,
         "m": 1,
         "s": 1
      }
   },
   "Transwarp_Install_ID": "",
   "instance_list": [
      {
         "annotations": {
            "application_name": "yarn1",
            "application_type": "YARN"
         },
         "configs": {
            "yarn_historyserver_tmp_storage": {
               "accessMode": "ReadWriteOnce",
               "limits": {
                  "blkio.throttle.read_iops_device": 500,
                  "blkio.throttle.write_iops_device": 500
               },
               "size": "10Gi",
               "storageClass": "silver"
            },
            "yarn_node_cpu_limit": 1,
            "yarn_node_cpu_request": 1,
            "yarn_node_memory_limit": 2,
            "yarn_node_memory_request": 2,
            "yarn_nodemanager_data_storage": {
               "accessMode": "ReadWriteOnce",
               "limits": {
                  "blkio.throttle.read_iops_device": 500,
                  "blkio.throttle.write_iops_device": 500
               },
               "size": "10Gi",
               "storageClass": "silver"
            },
            "yarn_nodemanager_tmp_storage": {
               "accessMode": "ReadWriteOnce",
               "limits": {
                  "blkio.throttle.read_iops_device": 500,
                  "blkio.throttle.write_iops_device": 500
               },
               "size": "10Gi",
               "storageClass": "silver"
            },
            "yarn_resourcemanager_tmp_storage": {
               "accessMode": "ReadWriteOnce",
               "limits": {
                  "blkio.throttle.read_iops_device": 500,
                  "blkio.throttle.write_iops_device": 500
               },
               "size": "10Gi",
               "storageClass": "silver"
            },
            "yarn_rm_cpu_limit": 1,
            "yarn_rm_cpu_request": 1,
            "yarn_rm_memory_limit": 2,
            "yarn_rm_memory_request": 2,
            "yarn_secondary_tmp_storage": {
               "accessMode": "ReadWriteOnce",
               "limits": {
                  "blkio.throttle.read_iops_device": 500,
                  "blkio.throttle.write_iops_device": 500
               },
               "size": "10Gi",
               "storageClass": "silver"
            },
            "yarn_timelineserver_tmp_storage": {
               "accessMode": "ReadWriteOnce",
               "limits": {
                  "blkio.throttle.read_iops_device": 500,
                  "blkio.throttle.write_iops_device": 500
               },
               "size": "10Gi",
               "storageClass": "silver"
            }
         },
         "dependencies": [
            {
               "moduleName": "hdfs",
               "name": "hdfs"
            },
            {
               "moduleName": "zookeeper",
               "name": "hdfs-zookeeper"
            }
         ],
         "instance_settings": { },
         "moduleName": "yarn",
         "name": "yarn1-yarn",
         "version": "1.0"
      }
   ],
   "instance_settings": { },
   "version": ""
}
